// Jest Snapshot v1, https://goo.gl/fbAQLP

exports[`<SearchButton /> Renderiza um bot√£o corretamente 1`] = `
<button
  class="searchBtn"
  type="submit"
>
  Buscar
</button>
`;
